// Jest Snapshot v1, https://goo.gl/fbAQLP

exports[`Badge: renders correctly 1`] = `
Array [
  <h3>
    Heading 
    <span
        className="badge badge-primary"
    >
        Badge
    </span>
</h3>,
  <span
    className="badge badge-primary"
>
    Badge
</span>,
  " ",
  <span
    className="badge badge-primary"
>
    Badge primary
</span>,
  " ",
  <span
    className="badge badge-secondary"
>
    Badge secondary
</span>,
  " ",
  <span
    className="badge badge-success"
>
    Badge success
</span>,
  " ",
  <span
    className="badge badge-danger"
>
    Badge danger
</span>,
  " ",
  <span
    className="badge badge-warning"
>
    Badge warning
</span>,
  " ",
  <span
    className="badge badge-info"
>
    Badge info
</span>,
  " ",
  <span
    className="badge badge-light"
>
    Badge light
</span>,
  " ",
  <span
    className="badge badge-dark"
>
    Badge dark
</span>,
]
`;

exports[`Button: renders correctly 1`] = `
Array [
  <button
    className="btn btn-secondary"
    onClick={[Function]}
    type="button"
>
    Button
</button>,
  " ",
  <button
    className="btn btn-primary"
    onClick={[Function]}
    title="test title"
    type="button"
>
    Button with title
</button>,
  " ",
  <button
    className="btn btn-primary"
    onClick={[Function]}
    type="button"
>
    Button primary
</button>,
  " ",
  <button
    className="btn btn-secondary"
    onClick={[Function]}
    type="button"
>
    Button secondary
</button>,
  " ",
  <button
    className="btn btn-success"
    onClick={[Function]}
    type="button"
>
    Button success
</button>,
  " ",
  <button
    className="btn btn-danger"
    onClick={[Function]}
    type="button"
>
    Button danger
</button>,
  " ",
  <button
    className="btn btn-warning"
    onClick={[Function]}
    type="button"
>
    Button warning
</button>,
  " ",
  <button
    className="btn btn-info"
    onClick={[Function]}
    type="button"
>
    Button info
</button>,
  " ",
  <button
    className="btn btn-light"
    onClick={[Function]}
    type="button"
>
    Button light
</button>,
  " ",
  <button
    className="btn btn-dark"
    onClick={[Function]}
    type="button"
>
    Button dark
</button>,
  " ",
  " ",
  <button
    className="btn btn-secondary"
    onClick={[Function]}
    type="button"
>
    Button
</button>,
  " ",
  <button
    className="my-class btn btn-link"
    onClick={[Function]}
    title="test title"
    type="button"
>
    Button
</button>,
]
`;

exports[`InputDate: renders correctly 1`] = `
Array [
  "no value",
  <br />,
  <div
    className="DayPickerInput"
>
    <input
        className="form-control"
        name={undefined}
        onBlur={[Function]}
        onChange={[Function]}
        onClick={[Function]}
        onFocus={[Function]}
        onKeyDown={[Function]}
        onKeyUp={[Function]}
        placeholder=""
        required={undefined}
        value={null}
    />
</div>,
  <hr />,
  "with value ",
  <code>
    1985-10-26T08:15:00.000Z
</code>,
  <br />,
  <div
    className="DayPickerInput"
>
    <input
        className="form-control"
        name={undefined}
        onBlur={[Function]}
        onChange={[Function]}
        onClick={[Function]}
        onFocus={[Function]}
        onKeyDown={[Function]}
        onKeyUp={[Function]}
        placeholder=""
        required={undefined}
        value="10/26/1985"
    />
</div>,
]
`;
